// Jest Snapshot v1, https://goo.gl/fbAQLP

exports[`lint 1`] = `
// good

const good1 = "";

// bad

const bad1 =ã€€"";
            ~    [Irregular whitespace not allowed]

`;
