// Jest Snapshot v1, https://goo.gl/fbAQLP

exports[`lint 1`] = `
// good

class good1 {
  something: any;
}

// bad

class bad1 {
  public something: any;
  ~~~~~~                 ['public' is implicit.]
}

`;
