// Jest Snapshot v1, https://goo.gl/fbAQLP

exports[`lint 1`] = `
// good

async function good1() {
  return Promise.resolve(null);
}

// bad

async function bad1() {
  return await Promise.resolve(null);
         ~~~~~                        [Unnecessary 'await'.]
}

`;
