// Jest Snapshot v1, https://goo.gl/fbAQLP

exports[`lint 1`] = `
// good

function good1() {
  throw new Error('message');
}

// bad

function bad1() {
  throw 'message';
  ~~~~~~~~~~~~~~~~ [Throwing plain strings (not instances of Error) gives no stack traces]
}

`;
