// Jest Snapshot v1, https://goo.gl/fbAQLP

exports[`lint 1`] = `
// good

type good1 = (x: any) => any;

// bad

type bad1 = {
  (x: any): any;
  ~~~~~~~~~~~~~~ [Type literal has only a call signature â€” use \`(x: any) => any\` instead.]
}

interface bad2 {
  (x: any): any;
  ~~~~~~~~~~~~~~ [Interface has only a call signature â€” use \`type bad2 = (x: any) => any;\` instead.]
}

`;
