// Jest Snapshot v1, https://goo.gl/fbAQLP

exports[`lint 1`] = `
/** @deprecated */
declare function deprecated(): void;
declare function nonDeprecated(): void;

// good

nonDeprecated();

// bad

deprecated();
~~~~~~~~~~    [deprecated is deprecated.]

`;
