// Jest Snapshot v1, https://goo.gl/fbAQLP

exports[`lint 1`] = `
// good

[1, undefined, 3];

// bad

[1, , 3];
   ~      [Array has a missing element.]

`;
