// Jest Snapshot v1, https://goo.gl/fbAQLP

exports[`lint 1`] = `
// good

function good1(a = 1) {

}

// bad

function bad1(a) {
  a = a || 1;
  ~           [Reassigning parameter 'a' is forbidden.]
}

`;
