// Jest Snapshot v1, https://goo.gl/fbAQLP

exports[`lint 1`] = `
// good

switch (1) {
  case 1:
    console.log(1);
  // falls through
  default:
    console.log(2);
}

// bad

switch (1) {
  case 1:
    console.log(1);
  default:
  ~~~~~~~  [expected a 'break' before 'default']
    console.log(2);
}

`;
