// Jest Snapshot v1, https://goo.gl/fbAQLP

exports[`lint 1`] = `
// good

new String();

// bad

new String;
~~~~~~~~~~  [Parentheses are required when invoking a constructor]

`;
