// Jest Snapshot v1, https://goo.gl/fbAQLP

exports[`lint 1`] = `
// good

interface good1 {
  something: any;
}

// bad

interface bad1 {
          ~~~~   [An empty interface is equivalent to \`{}\`.]

}

`;
