// Jest Snapshot v1, https://goo.gl/fbAQLP

exports[`lint 1`] = `
// good

class good1 {
  something() {
    this.something
  }
}

// bad

function bad1() {
  this.something
  ~~~~           [the "this" keyword is disallowed outside of a class body]
}

`;
