// Jest Snapshot v1, https://goo.gl/fbAQLP

exports[`lint 1`] = `
// good

if (true) {
  // blah blah blah
}

// bad

if (true) {
          ~

~nil
}
~ [block is empty]

`;
