// Jest Snapshot v1, https://goo.gl/fbAQLP

exports[`lint 1`] = `
declare const string: string;

// good

switch (string) {
  case 'a':
  case 'b':
}

// bad

switch (string) {
  case 'a':
  case 'a':
       ~~~  [Duplicate switch case: ''a''.]
  case 'b':
}

`;
