// Jest Snapshot v1, https://goo.gl/fbAQLP

exports[`lint 1`] = `
// skip test


`;
