// Jest Snapshot v1, https://goo.gl/fbAQLP

exports[`lint 1`] = `
// good

let bad1 = 1;

(function () {
  let bad2 = 1;
})();


// bad

let bad1 = 1;

(function () {
  let bad1 = 1;
      ~~~~      [Shadowed name: 'bad1']
})();

`;
