// Jest Snapshot v1, https://goo.gl/fbAQLP

exports[`lint 1`] = `
// good

function good1() {
  good1();
}

// bad

function bad1() {
  arguments.callee();
  ~~~~~~~~~~~~~~~~    [Access to arguments.callee is forbidden]
}

`;
